---
source: crates/harnx/tests/tmux_e2e.rs
expression: normalized
---
Welcome to harnx 0.30.0  *  Type .help for commands, Tab to complete.
# nested-parent v
🤖 nested-parent ▸ temp
> do nested delegation

Parent delegating to researcher.

@ nested-researcher Research this deeply and delegate analysis.
> nested-researcher ▸ [SID]
Researcher delegating to analyst.

@ nested-analyst Analyze data and report back.
> nested-analyst ▸ [SID]
Analyst complete

> nested-researcher ▸ [SID]
session_id: [SID]
response: Analyst complete
Researcher complete

session_id: [SID]
response: Researcher delegating to analyst.
Nested task complete

📢 Autonaming the session.
No more scripted responses.



















































* 🤖 nested-parent ▸ temp   Context: [N](0%)
