---
source: crates/harnx/tests/tmux_e2e.rs
expression: s
---
Welcome to harnx [VERSION]  *  Type .help for commands, Tab to complete.
> first message

FIRST_RESPONSE_SENTINEL

> fifth message

EDITED_RESPONSE_SENTINEL

🤖 mutation-test-agent ▸ mock-llm:test ▸ mutation-e2e-session



























* 🤖 mutation-test-agent ▸ mock-llm:test ▸ mutation-e2e-session   Context: 25(0%)


# snap: 4-after-edit
