---
source: crates/harnx-tui/src/tests.rs
expression: rendered
---
Session Info────────────────────────────────────────────────
Error: session 'info-session-with-session-test' not found
for agent '<top-level>'













────────────────────────────────────────────────────────────
 ↑↓/scroll  e/edit  d/delete  r/rewind  c/copy  ESC/back
