---
source: crates/harnx-tui/src/tests.rs
expression: rendered
---
Session Transcript──────────────────────────────────────────
Error: No active session or insufficient arguments. Usage:
.dump session [<agent> <id>] [--format text|yaml|json]









────────────────────────────────────────────────────────────
 ↑↓/scroll  e/edit  d/delete  r/rewind  c/copy  ESC/back
