---
source: crates/harnx-tui/src/tests.rs
expression: rendered
---
Compacted session───────────────────────────────────────────────────────
Error: session 'overlay-session-test' not found for agent '<top-level>' 
                                                                        
                                                                        
                                                                        
                                                                        
                                                                        
                                                                        
                                                                        
                                                                        
                                                                        
                                                                        
                                                                        
                                                                        
                                                                        
                                                                        
                                                                        
                                                                        
────────────────────────────────────────────────────────────────────────
 ↑↓/scroll  e/edit  d/delete  r/rewind  c/copy  ESC/back
