---
source: crates/harnx-tui/src/tests.rs
assertion_line: 978
expression: rendered
---
Session Info────────────────────────────────────────────────
Error: An explicit agent and session ID are required. Usage:
.info session <agent> <id>









────────────────────────────────────────────────────────────
 ↑↓/scroll  e/edit  d/delete  r/rewind  c/copy  ESC/back
