---
source: crates/harnx-tui/src/tests.rs
assertion_line: 1366
expression: rendered
---
.sources rag             Show citation sources used in last query
.info rag                Show RAG info
.exit rag                Leave RAG
.attach                  Attach a file to the next message
.detach                  Remove attached files
.macro                   Execute a macro
.mcp                     Manage MCP servers
.file                    Include files, directories, URLs or commands
.continue                Continue previous response
.regenerate              Regenerate last response
.copy                    Copy last response
.set                     Modify runtime settings
.delete                  Delete agents, sessions, RAGs, or macros
.delete message <n>      Delete a log entry by sequence number
.delete message <n>-<m>  Delete a range of log entries
.rewind <n>              Rewind session context to entry N (all later
entries excluded)
.exit                    Exit the interactive session

Type ::: to start multi-line editing, type ::: to finish it.
Press Ctrl+C to cancel the response, Ctrl+D to exit.
• Input
