---
source: src/test_utils/tmux_e2e.rs
expression: normalized
---
Welcome to harnx 0.30.0  •  Type .help for commands, Tab to complete.
# handoff-agent v
🤖 handoff-agent
> tell me how many files are in /tmp

I'll hand this off to the specialist.

->️ handoff-sub-agent_session_handoff
   prompt: Take over and answer how many files are in /tmp.
   session_id: handoff-session-1
   Handing off to handoff-sub-agent…
I took over this session and counted 7 files in /tmp.

> what was the earlier /tmp answer, and are you still in that same handed-off session?

I remember the earlier /tmp answer: 7 files, and this is follow-up #2 in the same handed-off session.
















• 🤖 handoff-sub-agent ▸ handoff-session-1   Context: 74(0%)
